[     541ms] [WARNING] Placing %sveltekit.body% directly inside <body> is not recommended, as your app may break for users who have certain browser extensions installed.

Consider wrapping it in an element:

<div style="display: contents">
  %sveltekit.body%
</div> @ http://localhost:5173/node_modules/@sveltejs/kit/src/runtime/client/client.js?v=47bd1b0c:3137
[   24047ms] [WARNING] Placing %sveltekit.body% directly inside <body> is not recommended, as your app may break for users who have certain browser extensions installed.

Consider wrapping it in an element:

<div style="display: contents">
  %sveltekit.body%
</div> @ http://localhost:5173/node_modules/@sveltejs/kit/src/runtime/client/client.js?v=47bd1b0c:3137
[   24076ms] [WARNING] Failed to hydrate:  TypeError: Illegal invocation

	in <unknown>
	in +layout.svelte
	in root.svelte

    at get_next_sibling (http://localhost:5173/node_modules/.vite/deps/chunk-QABYJFIP.js?v=47bd1b0c:3700:30)
    at Module.sibling (http://localhost:5173/node_modules/.vite/deps/chunk-QABYJFIP.js?v=47bd1b0c:3747:5)
    at Header (http://localhost:5173/src/lib/components/Header.svelte?t=1773779369754:119:17)
    at http://localhost:5173/node_modules/.vite/deps/chunk-ZI6W5ZB6.js?v=47bd1b0c:295:58
    at update_reaction (http://localhost:5173/node_modules/.vite/deps/chunk-QABYJFIP.js?v=47bd1b0c:2964:18)
    at update_effect (http://localhost:5173/node_modules/.vite/deps/chunk-QABYJFIP.js?v=47bd1b0c:3094:21)
    at create_effect (http://localhost:5173/node_modules/.vite/deps/chunk-QABYJFIP.js?v=47bd1b0c:2460:7)
    at branch (http://localhost:5173/node_modules/.vite/deps/chunk-QABYJFIP.js?v=47bd1b0c:2616:10)
    at http://localhost:5173/node_modules/.vite/deps/chunk-ZI6W5ZB6.js?v=47bd1b0c:289:17
    at update_reaction (http://localhost:5173/node_modules/.vite/deps/chunk-QABYJFIP.js?v=47bd1b0c:2964:18) @ http://localhost:5173/node_modules/@sveltejs/kit/src/runtime/client/client.js?v=47bd1b0c:3137
[   38650ms] [WARNING] Avoid using `history.pushState(...)` and `history.replaceState(...)` as these will conflict with SvelteKit's router. Use the `pushState` and `replaceState` imports from `$app/navigation` instead. @ http://localhost:5173/node_modules/@sveltejs/kit/src/runtime/client/client.js?v=47bd1b0c:3137
